
  .   ____          _            __ _ _
 /\\ / ___'_ __ _ _(_)_ __  __ _ \ \ \ \
( ( )\___ | '_ | '_| | '_ \/ _` | \ \ \ \
 \\/  ___)| |_)| | | | | || (_| |  ) ) ) )
  '  |____| .__|_| |_|_| |_\__, | / / / /
 =========|_|==============|___/=/_/_/_/
 :: Spring Boot ::                (v3.2.5)

2026-05-13T16:51:25.902-03:00  INFO 72368 --- [Accenture] [  restartedMain] a.b.p.Accenture.AccentureApplication     : Starting AccentureApplication using Java 21.0.10 with PID 72368 (/home/henriquefurtado/Área de Trabalho/Accenture/projeto/Back-End/Accenture/target/classes started by henriquefurtado in /home/henriquefurtado/Área de Trabalho/Accenture/projeto/Back-End/Accenture)
2026-05-13T16:51:25.904-03:00  INFO 72368 --- [Accenture] [  restartedMain] a.b.p.Accenture.AccentureApplication     : No active profile set, falling back to 1 default profile: "default"
2026-05-13T16:51:25.968-03:00  INFO 72368 --- [Accenture] [  restartedMain] .e.DevToolsPropertyDefaultsPostProcessor : Devtools property defaults active! Set 'spring.devtools.add-properties' to 'false' to disable
2026-05-13T16:51:25.969-03:00  INFO 72368 --- [Accenture] [  restartedMain] .e.DevToolsPropertyDefaultsPostProcessor : For additional web related logging consider setting the 'logging.level.web' property to 'DEBUG'
2026-05-13T16:51:26.762-03:00  INFO 72368 --- [Accenture] [  restartedMain] .s.d.r.c.RepositoryConfigurationDelegate : Bootstrapping Spring Data JPA repositories in DEFAULT mode.
2026-05-13T16:51:26.822-03:00  INFO 72368 --- [Accenture] [  restartedMain] .s.d.r.c.RepositoryConfigurationDelegate : Finished Spring Data repository scanning in 51 ms. Found 8 JPA repository interfaces.
2026-05-13T16:51:27.372-03:00  INFO 72368 --- [Accenture] [  restartedMain] o.s.b.w.embedded.tomcat.TomcatWebServer  : Tomcat initialized with port 8080 (http)
2026-05-13T16:51:27.384-03:00  INFO 72368 --- [Accenture] [  restartedMain] o.apache.catalina.core.StandardService   : Starting service [Tomcat]
2026-05-13T16:51:27.385-03:00  INFO 72368 --- [Accenture] [  restartedMain] o.apache.catalina.core.StandardEngine    : Starting Servlet engine: [Apache Tomcat/10.1.20]
2026-05-13T16:51:27.424-03:00  INFO 72368 --- [Accenture] [  restartedMain] o.a.c.c.C.[Tomcat].[localhost].[/]       : Initializing Spring embedded WebApplicationContext
2026-05-13T16:51:27.424-03:00  INFO 72368 --- [Accenture] [  restartedMain] w.s.c.ServletWebServerApplicationContext : Root WebApplicationContext: initialization completed in 1455 ms
2026-05-13T16:51:27.468-03:00  INFO 72368 --- [Accenture] [  restartedMain] com.zaxxer.hikari.HikariDataSource       : HikariPool-1 - Starting...
2026-05-13T16:51:27.639-03:00  INFO 72368 --- [Accenture] [  restartedMain] com.zaxxer.hikari.pool.HikariPool        : HikariPool-1 - Added connection conn0: url=jdbc:h2:mem:loja_db user=SA
2026-05-13T16:51:27.640-03:00  INFO 72368 --- [Accenture] [  restartedMain] com.zaxxer.hikari.HikariDataSource       : HikariPool-1 - Start completed.
2026-05-13T16:51:27.649-03:00  INFO 72368 --- [Accenture] [  restartedMain] o.s.b.a.h2.H2ConsoleAutoConfiguration    : H2 console available at '/h2-console'. Database available at 'jdbc:h2:mem:loja_db'
2026-05-13T16:51:27.794-03:00  INFO 72368 --- [Accenture] [  restartedMain] o.hibernate.jpa.internal.util.LogHelper  : HHH000204: Processing PersistenceUnitInfo [name: default]
2026-05-13T16:51:27.853-03:00  INFO 72368 --- [Accenture] [  restartedMain] org.hibernate.Version                    : HHH000412: Hibernate ORM core version 6.4.4.Final
2026-05-13T16:51:27.885-03:00  INFO 72368 --- [Accenture] [  restartedMain] o.h.c.internal.RegionFactoryInitiator    : HHH000026: Second-level cache disabled
2026-05-13T16:51:28.084-03:00  INFO 72368 --- [Accenture] [  restartedMain] o.s.o.j.p.SpringPersistenceUnitInfo      : No LoadTimeWeaver setup: ignoring JPA class transformer
2026-05-13T16:51:28.126-03:00  WARN 72368 --- [Accenture] [  restartedMain] org.hibernate.orm.deprecation            : HHH90000025: H2Dialect does not need to be specified explicitly using 'hibernate.dialect' (remove the property setting and it will be selected by default)
2026-05-13T16:51:29.033-03:00  INFO 72368 --- [Accenture] [  restartedMain] o.h.e.t.j.p.i.JtaPlatformInitiator       : HHH000489: No JTA platform available (set 'hibernate.transaction.jta.platform' to enable JTA platform integration)
2026-05-13T16:51:29.096-03:00  INFO 72368 --- [Accenture] [  restartedMain] j.LocalContainerEntityManagerFactoryBean : Initialized JPA EntityManagerFactory for persistence unit 'default'
2026-05-13T16:51:29.645-03:00  INFO 72368 --- [Accenture] [  restartedMain] o.s.d.j.r.query.QueryEnhancerFactory     : Hibernate is in classpath; If applicable, HQL parser will be used.
2026-05-13T16:51:30.156-03:00  WARN 72368 --- [Accenture] [  restartedMain] JpaBaseConfiguration$JpaWebConfiguration : spring.jpa.open-in-view is enabled by default. Therefore, database queries may be performed during view rendering. Explicitly configure spring.jpa.open-in-view to disable this warning
2026-05-13T16:51:30.357-03:00  INFO 72368 --- [Accenture] [  restartedMain] o.s.s.web.DefaultSecurityFilterChain     : Will secure any request with [org.springframework.security.web.session.DisableEncodeUrlFilter@a838478, org.springframework.security.web.context.request.async.WebAsyncManagerIntegrationFilter@69352048, org.springframework.security.web.context.SecurityContextHolderFilter@29c7b5f0, org.springframework.security.web.header.HeaderWriterFilter@7faffc2f, org.springframework.web.filter.CorsFilter@6f40c1d7, org.springframework.security.web.authentication.logout.LogoutFilter@25c2c242, acc.br.projetoFinal.Accenture.security.JwtAuthenticationFilter@43099039, org.springframework.security.web.savedrequest.RequestCacheAwareFilter@7a539400, org.springframework.security.web.servletapi.SecurityContextHolderAwareRequestFilter@4462ba83, org.springframework.security.web.authentication.AnonymousAuthenticationFilter@24a3eb3e, org.springframework.security.web.session.SessionManagementFilter@3057e2e1, org.springframework.security.web.access.ExceptionTranslationFilter@1b4ed284, org.springframework.security.web.access.intercept.AuthorizationFilter@48d56000]
2026-05-13T16:51:30.616-03:00  INFO 72368 --- [Accenture] [  restartedMain] o.s.b.d.a.OptionalLiveReloadServer       : LiveReload server is running on port 35729
2026-05-13T16:51:30.645-03:00  INFO 72368 --- [Accenture] [  restartedMain] o.s.b.w.embedded.tomcat.TomcatWebServer  : Tomcat started on port 8080 (http) with context path ''
2026-05-13T16:51:30.653-03:00  INFO 72368 --- [Accenture] [  restartedMain] a.b.p.Accenture.AccentureApplication     : Started AccentureApplication in 5.072 seconds (process running for 5.431)
✓ Conta da empresa criada com sucesso!
  Número da conta: EMPRESA-001
  Saldo inicial: R$ 10.000,00
2026-05-13T16:51:31.463-03:00  INFO 72368 --- [Accenture] [nio-8080-exec-1] o.a.c.c.C.[Tomcat].[localhost].[/]       : Initializing Spring DispatcherServlet 'dispatcherServlet'
2026-05-13T16:51:31.463-03:00  INFO 72368 --- [Accenture] [nio-8080-exec-1] o.s.web.servlet.DispatcherServlet        : Initializing Servlet 'dispatcherServlet'
2026-05-13T16:51:31.465-03:00  INFO 72368 --- [Accenture] [nio-8080-exec-1] o.s.web.servlet.DispatcherServlet        : Completed initialization in 2 ms
2026-05-13T16:52:01.565-03:00  WARN 72368 --- [Accenture] [nio-8080-exec-8] a.b.p.A.controller.AuthController        : Tentativa de login com credenciais inválidas para o email: carolinahenriquef@gmail.com
2026-05-13T16:52:01.580-03:00  WARN 72368 --- [Accenture] [nio-8080-exec-8] .m.m.a.ExceptionHandlerExceptionResolver : Resolved [acc.br.projetoFinal.Accenture.exception.SenhaInvalidaException: Email ou senha inválidos]
2026-05-13T16:52:20.269-03:00  INFO 72368 --- [Accenture] [io-8080-exec-10] a.b.p.A.controller.AuthController        : Novo cliente registrado com sucesso: 2
2026-05-13T16:52:31.116-03:00  INFO 72368 --- [Accenture] [nio-8080-exec-6] a.b.p.Accenture.service.ContaService     : Conta criada com sucesso. ID: 2
2026-05-13T16:52:36.099-03:00  INFO 72368 --- [Accenture] [nio-8080-exec-6] a.b.p.Accenture.service.EmailService     : Email de dados da conta enviado para: carolinahenriquef@gmail.com
2026-05-13T16:52:36.101-03:00  INFO 72368 --- [Accenture] [nio-8080-exec-6] a.b.p.A.controller.AuthController        : Nova conta bancária registrada com sucesso: 2
